// Jest Snapshot v1, https://goo.gl/fbAQLP

exports[`<Register /> rendering should render without 1`] = `
<Provider
  context={
    Object {
      "$$typeof": Symbol(react.context),
      "Consumer": Object {
        "$$typeof": Symbol(react.context),
        "_calculateChangedBits": null,
        "_context": [Circular],
      },
      "Provider": Object {
        "$$typeof": Symbol(react.provider),
        "_context": [Circular],
      },
      "_calculateChangedBits": null,
      "_currentRenderer": Object {},
      "_currentRenderer2": null,
      "_currentValue": undefined,
      "_currentValue2": undefined,
    }
  }
  store={
    Object {
      "clearActions": [Function],
      "dispatch": [Function],
      "getActions": [Function],
      "getState": [Function],
      "replaceReducer": [Function],
      "subscribe": [Function],
    }
  }
>
  <MemoryRouter>
    <Router
      history={
        Object {
          "action": "POP",
          "block": [Function],
          "canGo": [Function],
          "createHref": [Function],
          "entries": Array [
            Object {
              "hash": "",
              "key": "t72wct",
              "pathname": "/",
              "search": "",
              "state": undefined,
            },
          ],
          "go": [Function],
          "goBack": [Function],
          "goForward": [Function],
          "index": 0,
          "length": 1,
          "listen": [Function],
          "location": Object {
            "hash": "",
            "key": "t72wct",
            "pathname": "/",
            "search": "",
            "state": undefined,
          },
          "push": [Function],
          "replace": [Function],
        }
      }
    >
      <Connect(withRouter(RegisterForm))
        context={
          Object {
            "$$typeof": Symbol(react.context),
            "Consumer": Object {
              "$$typeof": Symbol(react.context),
              "_calculateChangedBits": null,
              "_context": [Circular],
            },
            "Provider": Object {
              "$$typeof": Symbol(react.provider),
              "_context": [Circular],
            },
            "_calculateChangedBits": null,
            "_currentRenderer": Object {},
            "_currentRenderer2": null,
            "_currentValue": undefined,
            "_currentValue2": undefined,
          }
        }
      >
        <withRouter(RegisterForm)
          context={
            Object {
              "$$typeof": Symbol(react.context),
              "Consumer": Object {
                "$$typeof": Symbol(react.context),
                "_calculateChangedBits": null,
                "_context": [Circular],
              },
              "Provider": Object {
                "$$typeof": Symbol(react.provider),
                "_context": [Circular],
              },
              "_calculateChangedBits": null,
              "_currentRenderer": Object {},
              "_currentRenderer2": null,
              "_currentValue": undefined,
              "_currentValue2": undefined,
            }
          }
          isAuthenticated={false}
          registerUser={[Function]}
        >
          <Route>
            <RegisterForm
              context={
                Object {
                  "$$typeof": Symbol(react.context),
                  "Consumer": Object {
                    "$$typeof": Symbol(react.context),
                    "_calculateChangedBits": null,
                    "_context": [Circular],
                  },
                  "Provider": Object {
                    "$$typeof": Symbol(react.provider),
                    "_context": [Circular],
                  },
                  "_calculateChangedBits": null,
                  "_currentRenderer": Object {},
                  "_currentRenderer2": null,
                  "_currentValue": undefined,
                  "_currentValue2": undefined,
                }
              }
              history={
                Object {
                  "action": "POP",
                  "block": [Function],
                  "canGo": [Function],
                  "createHref": [Function],
                  "entries": Array [
                    Object {
                      "hash": "",
                      "key": "t72wct",
                      "pathname": "/",
                      "search": "",
                      "state": undefined,
                    },
                  ],
                  "go": [Function],
                  "goBack": [Function],
                  "goForward": [Function],
                  "index": 0,
                  "length": 1,
                  "listen": [Function],
                  "location": Object {
                    "hash": "",
                    "key": "t72wct",
                    "pathname": "/",
                    "search": "",
                    "state": undefined,
                  },
                  "push": [Function],
                  "replace": [Function],
                }
              }
              isAuthenticated={false}
              location={
                Object {
                  "hash": "",
                  "key": "t72wct",
                  "pathname": "/",
                  "search": "",
                  "state": undefined,
                }
              }
              match={
                Object {
                  "isExact": true,
                  "params": Object {},
                  "path": "/",
                  "url": "/",
                }
              }
              registerUser={[Function]}
            >
              <Form
                as="form"
                onSubmit={[Function]}
              >
                <form
                  className="ui form"
                  onSubmit={[Function]}
                >
                  <onlyUpdateForKeys(Loader)
                    color="#123abc"
                    css={
                      Object {
                        "map": "/*# sourceMappingURL=data:application/json;charset=utf-8;base64,eyJ2ZXJzaW9uIjozLCJzb3VyY2VzIjpbIlJlZ2lzdGVyLmpzeCJdLCJuYW1lcyI6W10sIm1hcHBpbmdzIjoiQUFZb0IiLCJmaWxlIjoiUmVnaXN0ZXIuanN4Iiwic291cmNlc0NvbnRlbnQiOlsiLyogZXNsaW50LWRpc2FibGUgbm8tdW51c2VkLXZhcnMgKi9cbi8qIGVzbGludC1kaXNhYmxlIHJlYWN0L3JlcXVpcmUtZGVmYXVsdC1wcm9wcyAqL1xuLyogZXNsaW50LWRpc2FibGUgbm8tc2hhZG93ICovXG5pbXBvcnQgUmVhY3QsIHsgQ29tcG9uZW50IH0gZnJvbSAncmVhY3QnO1xuaW1wb3J0IHsgY3NzIH0gZnJvbSAnQGVtb3Rpb24vY29yZSc7XG5pbXBvcnQgeyBDbGlwTG9hZGVyIH0gZnJvbSAncmVhY3Qtc3Bpbm5lcnMnO1xuaW1wb3J0IHsgQnV0dG9uLCBGb3JtLCBJbnB1dCB9IGZyb20gJ3NlbWFudGljLXVpLXJlYWN0JztcbmltcG9ydCB7IGNvbm5lY3QgfSBmcm9tICdyZWFjdC1yZWR1eCc7XG5pbXBvcnQgUHJvcFR5cGVzIGZyb20gJ3Byb3AtdHlwZXMnO1xuaW1wb3J0IHsgd2l0aFJvdXRlciB9IGZyb20gJ3JlYWN0LXJvdXRlci1kb20nO1xuaW1wb3J0IHsgcmVnaXN0ZXJVc2VyIH0gZnJvbSAnLi4vLi4vLi4vcmVkdXgvYWN0aW9ucy9hdXRoL3JlZ2lzdGVyJztcblxuY29uc3Qgb3ZlcnJpZGUgPSBjc3NgXG4gIGRpc3BsYXk6IGJsb2NrO1xuICBtYXJnaW46IDAgYXV0bztcbiAgYm9yZGVyLWNvbG9yOiByZWQ7XG5gO1xuZXhwb3J0IGNsYXNzIFJlZ2lzdGVyRm9ybSBleHRlbmRzIENvbXBvbmVudCB7XG4gIHN0YXRlID0ge1xuICAgIGVtYWlsOiAnJyxcbiAgICBwYXNzd29yZDogJycsXG4gICAgZmlyc3RuYW1lOiAnJyxcbiAgICB1c2VybmFtZTogJycsXG4gIH07XG5cbiAgY29tcG9uZW50RGlkVXBkYXRlKCkge1xuICAgIGNvbnN0IHsgaXNBdXRoZW50aWNhdGVkLCBoaXN0b3J5IH0gPSB0aGlzLnByb3BzO1xuICAgIGlmIChpc0F1dGhlbnRpY2F0ZWQpIHtcbiAgICAgIGhpc3RvcnkucHVzaCgnL3JlZC1mbGFncycpO1xuICAgIH1cbiAgfVxuXG4gIG9uQ2hhbmdlID0gZSA9PiB7XG4gICAgdGhpcy5zZXRTdGF0ZSh7IFtlLnRhcmdldC5uYW1lXTogZS50YXJnZXQudmFsdWUgfSk7XG4gIH07XG5cbiAgaGFuZGxlU3VibWl0ID0gKCkgPT4ge1xuICAgIGNvbnN0IHsgZW1haWwsIHBhc3N3b3JkLCBmaXJzdG5hbWUsIHVzZXJuYW1lIH0gPSB0aGlzLnN0YXRlO1xuICAgIGNvbnN0IHsgcmVnaXN0ZXJVc2VyLCBpc0xvYWRpbmcgfSA9IHRoaXMucHJvcHM7XG4gICAgY29uc3QgdXNlckRhdGEgPSB7XG4gICAgICBlbWFpbCxcbiAgICAgIHBhc3N3b3JkLFxuICAgICAgZmlyc3RuYW1lLFxuICAgICAgdXNlcm5hbWUsXG4gICAgfTtcblxuICAgIHJlZ2lzdGVyVXNlcih1c2VyRGF0YSk7XG4gIH07XG5cbiAgcmVuZGVyKCkge1xuICAgIGNvbnN0IHsgbmFtZSwgZW1haWwsIHBhc3N3b3JkIH0gPSB0aGlzLnN0YXRlO1xuICAgIHJldHVybiAoXG4gICAgICA8Rm9ybSBvblN1Ym1pdD17dGhpcy5oYW5kbGVTdWJtaXR9PlxuICAgICAgICA8Q2xpcExvYWRlciBjc3M9e292ZXJyaWRlfSBzaXplVW5pdD1cInB4XCIgc2l6ZT17MTUwfSBjb2xvcj1cIiMxMjNhYmNcIiAvPlxuICAgICAgICA8Rm9ybS5GaWVsZFxuICAgICAgICAgIGxhYmVsPVwiRnVsbCBOYW1lXCJcbiAgICAgICAgICBjb250cm9sPXtJbnB1dH1cbiAgICAgICAgICByZXF1aXJlZFxuICAgICAgICAgIHBsYWNlaG9sZGVyPVwiZnVsbCBuYW1lXCJcbiAgICAgICAgICBvbkNoYW5nZT17dGhpcy5vbkNoYW5nZX1cbiAgICAgICAgICBuYW1lPVwiZmlyc3RuYW1lXCJcbiAgICAgICAgICB2YWx1ZT17bmFtZX1cbiAgICAgICAgLz5cbiAgICAgICAgPEZvcm0uRmllbGRcbiAgICAgICAgICBsYWJlbD1cIlVzZXJhbWVcIlxuICAgICAgICAgIGNvbnRyb2w9e0lucHV0fVxuICAgICAgICAgIHBsYWNlaG9sZGVyPVwidXNlcm5hbWVcIlxuICAgICAgICAgIG9uQ2hhbmdlPXt0aGlzLm9uQ2hhbmdlfVxuICAgICAgICAgIG5hbWU9XCJ1c2VybmFtZVwiXG4gICAgICAgICAgcmVxdWlyZWRcbiAgICAgICAgICB2YWx1ZT17bmFtZX1cbiAgICAgICAgLz5cbiAgICAgICAgPEZvcm0uRmllbGRcbiAgICAgICAgICBsYWJlbD1cIkVtYWlsIEFkZHJlc3NcIlxuICAgICAgICAgIGNvbnRyb2w9e0lucHV0fVxuICAgICAgICAgIHBsYWNlaG9sZGVyPVwibmFtZUBlbWFpbC5jb21cIlxuICAgICAgICAgIG9uQ2hhbmdlPXt0aGlzLm9uQ2hhbmdlfVxuICAgICAgICAgIG5hbWU9XCJlbWFpbFwiXG4gICAgICAgICAgcmVxdWlyZWRcbiAgICAgICAgICB0eXBlPVwiZW1haWxcIlxuICAgICAgICAgIHZhbHVlPXtlbWFpbH1cbiAgICAgICAgLz5cbiAgICAgICAgPEZvcm0uRmllbGRcbiAgICAgICAgICBsYWJlbD1cIlBhc3N3b3JkXCJcbiAgICAgICAgICBpbnB1dD1cIlBhc3N3b3JkXCJcbiAgICAgICAgICBjb250cm9sPXtJbnB1dH1cbiAgICAgICAgICBwbGFjZWhvbGRlcj1cInNlY3JldFwiXG4gICAgICAgICAgb25DaGFuZ2U9e3RoaXMub25DaGFuZ2V9XG4gICAgICAgICAgbmFtZT1cInBhc3N3b3JkXCJcbiAgICAgICAgICBtaW5MZW5ndGg9XCI2XCJcbiAgICAgICAgICByZXF1aXJlZFxuICAgICAgICAgIHZhbHVlPXtwYXNzd29yZH1cbiAgICAgICAgLz5cbiAgICAgICAgPEZvcm0uRmllbGRcbiAgICAgICAgICBjb250cm9sPXtCdXR0b259XG4gICAgICAgICAgdHlwZT1cInN1Ym1pdFwiXG4gICAgICAgICAgc3R5bGU9e3sgYmFja2dyb3VuZDogJ2dyZWVuJywgY29sb3I6ICd3aGl0ZScgfX1cbiAgICAgICAgPlxuICAgICAgICAgIFJlZ2lzdGVyXG4gICAgICAgIDwvRm9ybS5GaWVsZD5cbiAgICAgIDwvRm9ybT5cbiAgICApO1xuICB9XG59XG5cblJlZ2lzdGVyRm9ybS5wcm9wVHlwZXMgPSB7XG4gIGlzQXV0aGVudGljYXRlZDogUHJvcFR5cGVzLmJvb2wsXG4gIGlzTG9hZGluZzogUHJvcFR5cGVzLmJvb2wsXG4gIGhpc3Rvcnk6IFByb3BUeXBlcy5zaGFwZSh7fSksXG4gIHJlZ2lzdGVyVXNlcjogUHJvcFR5cGVzLmZ1bmMsXG59O1xuXG5jb25zdCBtYXBTdGF0ZVRvUHJvcHMgPSBzdGF0ZSA9PiAoe1xuICBpc0F1dGhlbnRpY2F0ZWQ6IHN0YXRlLmF1dGguaXNBdXRoZW50aWNhdGVkLFxuICByZWdpc3Rlcjogc3RhdGUucmVnaXN0ZXIsXG59KTtcblxuZXhwb3J0IGRlZmF1bHQgY29ubmVjdChcbiAgbWFwU3RhdGVUb1Byb3BzLFxuICB7IHJlZ2lzdGVyVXNlciB9XG4pKHdpdGhSb3V0ZXIoUmVnaXN0ZXJGb3JtKSk7XG4iXX0= */",
                        "name": "3vn6pu-override",
                        "styles": "display:block;margin:0 auto;border-color:red;label:override;",
                      }
                    }
                    loading={true}
                    size={150}
                    sizeUnit="px"
                  >
                    <Loader
                      color="#123abc"
                      css={
                        Object {
                          "map": "/*# sourceMappingURL=data:application/json;charset=utf-8;base64,eyJ2ZXJzaW9uIjozLCJzb3VyY2VzIjpbIlJlZ2lzdGVyLmpzeCJdLCJuYW1lcyI6W10sIm1hcHBpbmdzIjoiQUFZb0IiLCJmaWxlIjoiUmVnaXN0ZXIuanN4Iiwic291cmNlc0NvbnRlbnQiOlsiLyogZXNsaW50LWRpc2FibGUgbm8tdW51c2VkLXZhcnMgKi9cbi8qIGVzbGludC1kaXNhYmxlIHJlYWN0L3JlcXVpcmUtZGVmYXVsdC1wcm9wcyAqL1xuLyogZXNsaW50LWRpc2FibGUgbm8tc2hhZG93ICovXG5pbXBvcnQgUmVhY3QsIHsgQ29tcG9uZW50IH0gZnJvbSAncmVhY3QnO1xuaW1wb3J0IHsgY3NzIH0gZnJvbSAnQGVtb3Rpb24vY29yZSc7XG5pbXBvcnQgeyBDbGlwTG9hZGVyIH0gZnJvbSAncmVhY3Qtc3Bpbm5lcnMnO1xuaW1wb3J0IHsgQnV0dG9uLCBGb3JtLCBJbnB1dCB9IGZyb20gJ3NlbWFudGljLXVpLXJlYWN0JztcbmltcG9ydCB7IGNvbm5lY3QgfSBmcm9tICdyZWFjdC1yZWR1eCc7XG5pbXBvcnQgUHJvcFR5cGVzIGZyb20gJ3Byb3AtdHlwZXMnO1xuaW1wb3J0IHsgd2l0aFJvdXRlciB9IGZyb20gJ3JlYWN0LXJvdXRlci1kb20nO1xuaW1wb3J0IHsgcmVnaXN0ZXJVc2VyIH0gZnJvbSAnLi4vLi4vLi4vcmVkdXgvYWN0aW9ucy9hdXRoL3JlZ2lzdGVyJztcblxuY29uc3Qgb3ZlcnJpZGUgPSBjc3NgXG4gIGRpc3BsYXk6IGJsb2NrO1xuICBtYXJnaW46IDAgYXV0bztcbiAgYm9yZGVyLWNvbG9yOiByZWQ7XG5gO1xuZXhwb3J0IGNsYXNzIFJlZ2lzdGVyRm9ybSBleHRlbmRzIENvbXBvbmVudCB7XG4gIHN0YXRlID0ge1xuICAgIGVtYWlsOiAnJyxcbiAgICBwYXNzd29yZDogJycsXG4gICAgZmlyc3RuYW1lOiAnJyxcbiAgICB1c2VybmFtZTogJycsXG4gIH07XG5cbiAgY29tcG9uZW50RGlkVXBkYXRlKCkge1xuICAgIGNvbnN0IHsgaXNBdXRoZW50aWNhdGVkLCBoaXN0b3J5IH0gPSB0aGlzLnByb3BzO1xuICAgIGlmIChpc0F1dGhlbnRpY2F0ZWQpIHtcbiAgICAgIGhpc3RvcnkucHVzaCgnL3JlZC1mbGFncycpO1xuICAgIH1cbiAgfVxuXG4gIG9uQ2hhbmdlID0gZSA9PiB7XG4gICAgdGhpcy5zZXRTdGF0ZSh7IFtlLnRhcmdldC5uYW1lXTogZS50YXJnZXQudmFsdWUgfSk7XG4gIH07XG5cbiAgaGFuZGxlU3VibWl0ID0gKCkgPT4ge1xuICAgIGNvbnN0IHsgZW1haWwsIHBhc3N3b3JkLCBmaXJzdG5hbWUsIHVzZXJuYW1lIH0gPSB0aGlzLnN0YXRlO1xuICAgIGNvbnN0IHsgcmVnaXN0ZXJVc2VyLCBpc0xvYWRpbmcgfSA9IHRoaXMucHJvcHM7XG4gICAgY29uc3QgdXNlckRhdGEgPSB7XG4gICAgICBlbWFpbCxcbiAgICAgIHBhc3N3b3JkLFxuICAgICAgZmlyc3RuYW1lLFxuICAgICAgdXNlcm5hbWUsXG4gICAgfTtcblxuICAgIHJlZ2lzdGVyVXNlcih1c2VyRGF0YSk7XG4gIH07XG5cbiAgcmVuZGVyKCkge1xuICAgIGNvbnN0IHsgbmFtZSwgZW1haWwsIHBhc3N3b3JkIH0gPSB0aGlzLnN0YXRlO1xuICAgIHJldHVybiAoXG4gICAgICA8Rm9ybSBvblN1Ym1pdD17dGhpcy5oYW5kbGVTdWJtaXR9PlxuICAgICAgICA8Q2xpcExvYWRlciBjc3M9e292ZXJyaWRlfSBzaXplVW5pdD1cInB4XCIgc2l6ZT17MTUwfSBjb2xvcj1cIiMxMjNhYmNcIiAvPlxuICAgICAgICA8Rm9ybS5GaWVsZFxuICAgICAgICAgIGxhYmVsPVwiRnVsbCBOYW1lXCJcbiAgICAgICAgICBjb250cm9sPXtJbnB1dH1cbiAgICAgICAgICByZXF1aXJlZFxuICAgICAgICAgIHBsYWNlaG9sZGVyPVwiZnVsbCBuYW1lXCJcbiAgICAgICAgICBvbkNoYW5nZT17dGhpcy5vbkNoYW5nZX1cbiAgICAgICAgICBuYW1lPVwiZmlyc3RuYW1lXCJcbiAgICAgICAgICB2YWx1ZT17bmFtZX1cbiAgICAgICAgLz5cbiAgICAgICAgPEZvcm0uRmllbGRcbiAgICAgICAgICBsYWJlbD1cIlVzZXJhbWVcIlxuICAgICAgICAgIGNvbnRyb2w9e0lucHV0fVxuICAgICAgICAgIHBsYWNlaG9sZGVyPVwidXNlcm5hbWVcIlxuICAgICAgICAgIG9uQ2hhbmdlPXt0aGlzLm9uQ2hhbmdlfVxuICAgICAgICAgIG5hbWU9XCJ1c2VybmFtZVwiXG4gICAgICAgICAgcmVxdWlyZWRcbiAgICAgICAgICB2YWx1ZT17bmFtZX1cbiAgICAgICAgLz5cbiAgICAgICAgPEZvcm0uRmllbGRcbiAgICAgICAgICBsYWJlbD1cIkVtYWlsIEFkZHJlc3NcIlxuICAgICAgICAgIGNvbnRyb2w9e0lucHV0fVxuICAgICAgICAgIHBsYWNlaG9sZGVyPVwibmFtZUBlbWFpbC5jb21cIlxuICAgICAgICAgIG9uQ2hhbmdlPXt0aGlzLm9uQ2hhbmdlfVxuICAgICAgICAgIG5hbWU9XCJlbWFpbFwiXG4gICAgICAgICAgcmVxdWlyZWRcbiAgICAgICAgICB0eXBlPVwiZW1haWxcIlxuICAgICAgICAgIHZhbHVlPXtlbWFpbH1cbiAgICAgICAgLz5cbiAgICAgICAgPEZvcm0uRmllbGRcbiAgICAgICAgICBsYWJlbD1cIlBhc3N3b3JkXCJcbiAgICAgICAgICBpbnB1dD1cIlBhc3N3b3JkXCJcbiAgICAgICAgICBjb250cm9sPXtJbnB1dH1cbiAgICAgICAgICBwbGFjZWhvbGRlcj1cInNlY3JldFwiXG4gICAgICAgICAgb25DaGFuZ2U9e3RoaXMub25DaGFuZ2V9XG4gICAgICAgICAgbmFtZT1cInBhc3N3b3JkXCJcbiAgICAgICAgICBtaW5MZW5ndGg9XCI2XCJcbiAgICAgICAgICByZXF1aXJlZFxuICAgICAgICAgIHZhbHVlPXtwYXNzd29yZH1cbiAgICAgICAgLz5cbiAgICAgICAgPEZvcm0uRmllbGRcbiAgICAgICAgICBjb250cm9sPXtCdXR0b259XG4gICAgICAgICAgdHlwZT1cInN1Ym1pdFwiXG4gICAgICAgICAgc3R5bGU9e3sgYmFja2dyb3VuZDogJ2dyZWVuJywgY29sb3I6ICd3aGl0ZScgfX1cbiAgICAgICAgPlxuICAgICAgICAgIFJlZ2lzdGVyXG4gICAgICAgIDwvRm9ybS5GaWVsZD5cbiAgICAgIDwvRm9ybT5cbiAgICApO1xuICB9XG59XG5cblJlZ2lzdGVyRm9ybS5wcm9wVHlwZXMgPSB7XG4gIGlzQXV0aGVudGljYXRlZDogUHJvcFR5cGVzLmJvb2wsXG4gIGlzTG9hZGluZzogUHJvcFR5cGVzLmJvb2wsXG4gIGhpc3Rvcnk6IFByb3BUeXBlcy5zaGFwZSh7fSksXG4gIHJlZ2lzdGVyVXNlcjogUHJvcFR5cGVzLmZ1bmMsXG59O1xuXG5jb25zdCBtYXBTdGF0ZVRvUHJvcHMgPSBzdGF0ZSA9PiAoe1xuICBpc0F1dGhlbnRpY2F0ZWQ6IHN0YXRlLmF1dGguaXNBdXRoZW50aWNhdGVkLFxuICByZWdpc3Rlcjogc3RhdGUucmVnaXN0ZXIsXG59KTtcblxuZXhwb3J0IGRlZmF1bHQgY29ubmVjdChcbiAgbWFwU3RhdGVUb1Byb3BzLFxuICB7IHJlZ2lzdGVyVXNlciB9XG4pKHdpdGhSb3V0ZXIoUmVnaXN0ZXJGb3JtKSk7XG4iXX0= */",
                          "name": "3vn6pu-override",
                          "styles": "display:block;margin:0 auto;border-color:red;label:override;",
                        }
                      }
                      loading={true}
                      size={150}
                      sizeUnit="px"
                    >
                      <EmotionCssPropInternal
                        __EMOTION_TYPE_PLEASE_DO_NOT_USE__="div"
                        css={
                          Object {
                            "map": "/*# sourceMappingURL=data:application/json;charset=utf-8;base64,eyJ2ZXJzaW9uIjozLCJzb3VyY2VzIjpbInNyYy9DbGlwTG9hZGVyLmpzeCJdLCJuYW1lcyI6W10sIm1hcHBpbmdzIjoiQUFvQnVCIiwiZmlsZSI6InNyYy9DbGlwTG9hZGVyLmpzeCIsInNvdXJjZXNDb250ZW50IjpbIi8qKiBAanN4IGpzeCAqL1xuaW1wb3J0IFJlYWN0IGZyb20gJ3JlYWN0JztcbmltcG9ydCBQcm9wVHlwZXMgZnJvbSAncHJvcC10eXBlcyc7XG5pbXBvcnQgeyBrZXlmcmFtZXMsIGNzcywganN4IH0gZnJvbSAnQGVtb3Rpb24vY29yZSc7XG5pbXBvcnQgb25seVVwZGF0ZUZvcktleXMgZnJvbSAncmVjb21wb3NlL29ubHlVcGRhdGVGb3JLZXlzJztcbmltcG9ydCB7IHNpemVQcm9wcywgc2l6ZURlZmF1bHRzLCBzaXplS2V5cyB9IGZyb20gJy4vaGVscGVycy9wcm9wdHlwZXMnO1xuXG4vLyBUaGlzIHJldHVybnMgYW4gYW5pbWF0aW9uXG5jb25zdCBjbGlwID0ga2V5ZnJhbWVzYFxuICAwJSB7dHJhbnNmb3JtOiByb3RhdGUoMGRlZykgc2NhbGUoMSl9IFxuICA1MCUge3RyYW5zZm9ybTogcm90YXRlKDE4MGRlZykgc2NhbGUoMC44KX1cbiAgMTAwJSB7dHJhbnNmb3JtOiByb3RhdGUoMzYwZGVnKSBzY2FsZSgxKX1cbmA7XG5cbmNsYXNzIExvYWRlciBleHRlbmRzIFJlYWN0LkNvbXBvbmVudCB7XG4gICAgc3R5bGUgPSAoKSA9PiB7XG4gICAgICBjb25zdCB7XG4gICAgICAgIHNpemUsIHNpemVVbml0LCBjb2xvclxuICAgICAgfSA9IHRoaXMucHJvcHM7XG5cbiAgICAgIGNvbnN0IHN0eWxlID0gY3NzYHtcbiAgICAgICAgICAgIGJhY2tncm91bmQ6IHRyYW5zcGFyZW50ICFpbXBvcnRhbnQ7XG4gICAgICAgICAgICB3aWR0aDogJHtgJHtzaXplfSR7c2l6ZVVuaXR9YH07XG4gICAgICAgICAgICBoZWlnaHQ6ICR7YCR7c2l6ZX0ke3NpemVVbml0fWB9O1xuICAgICAgICAgICAgYm9yZGVyLXJhZGl1czogMTAwJTtcbiAgICAgICAgICAgIGJvcmRlcjogMnB4IHNvbGlkO1xuICAgICAgICAgICAgYm9yZGVyLWNvbG9yOiAke2NvbG9yfTtcbiAgICAgICAgICAgIGJvcmRlci1ib3R0b20tY29sb3I6IHRyYW5zcGFyZW50O1xuICAgICAgICAgICAgZGlzcGxheTogaW5saW5lLWJsb2NrO1xuICAgICAgICAgICAgYW5pbWF0aW9uOiAke2NsaXB9IDAuNzVzIDBzIGluZmluaXRlIGxpbmVhcjtcbiAgICAgICAgICAgIGFuaW1hdGlvbi1maWxsLW1vZGU6IGJvdGg7XG4gICAgICAgIH1gO1xuXG4gICAgICByZXR1cm4gdGhpcy5wcm9wcy5jc3MgPyBjc3NgJHtzdHlsZX07JHt0aGlzLnByb3BzLmNzc31gIDogc3R5bGU7XG4gICAgfTtcblxuICAgIHJlbmRlcigpIHtcbiAgICAgIGNvbnN0IHsgbG9hZGluZyB9ID0gdGhpcy5wcm9wcztcbiAgICAgIHJldHVybiBsb2FkaW5nID8gPGRpdiBjc3M9e3RoaXMuc3R5bGUoKX0gLz4gOiBudWxsO1xuICAgIH1cbn1cblxuTG9hZGVyLnByb3BUeXBlcyA9IHNpemVQcm9wcztcblxuTG9hZGVyLmRlZmF1bHRQcm9wcyA9IHNpemVEZWZhdWx0cygzNSk7XG5cbmNvbnN0IENvbXBvbmVudCA9IG9ubHlVcGRhdGVGb3JLZXlzKHNpemVLZXlzKShMb2FkZXIpO1xuQ29tcG9uZW50LmRlZmF1bHRQcm9wcyA9IExvYWRlci5kZWZhdWx0UHJvcHM7XG5leHBvcnQgZGVmYXVsdCBDb21wb25lbnQ7XG4iXX0= */",
                            "name": "e1er9s-style-override-style",
                            "next": Object {
                              "name": "animation-7qzzer",
                              "next": undefined,
                              "styles": "@keyframes animation-7qzzer{
  0% {transform: rotate(0deg) scale(1)} 
  50% {transform: rotate(180deg) scale(0.8)}
  100% {transform: rotate(360deg) scale(1)}
}",
                            },
                            "styles": "{background:transparent !important;width:150px;height:150px;border-radius:100%;border:2px solid;border-color:#123abc;border-bottom-color:transparent;display:inline-block;animation:animation-7qzzer 0.75s 0s infinite linear;animation-fill-mode:both;}label:style;;display:block;margin:0 auto;border-color:red;label:override;/*# sourceMappingURL=data:application/json;charset=utf-8;base64,eyJ2ZXJzaW9uIjozLCJzb3VyY2VzIjpbIlJlZ2lzdGVyLmpzeCJdLCJuYW1lcyI6W10sIm1hcHBpbmdzIjoiQUFZb0IiLCJmaWxlIjoiUmVnaXN0ZXIuanN4Iiwic291cmNlc0NvbnRlbnQiOlsiLyogZXNsaW50LWRpc2FibGUgbm8tdW51c2VkLXZhcnMgKi9cbi8qIGVzbGludC1kaXNhYmxlIHJlYWN0L3JlcXVpcmUtZGVmYXVsdC1wcm9wcyAqL1xuLyogZXNsaW50LWRpc2FibGUgbm8tc2hhZG93ICovXG5pbXBvcnQgUmVhY3QsIHsgQ29tcG9uZW50IH0gZnJvbSAncmVhY3QnO1xuaW1wb3J0IHsgY3NzIH0gZnJvbSAnQGVtb3Rpb24vY29yZSc7XG5pbXBvcnQgeyBDbGlwTG9hZGVyIH0gZnJvbSAncmVhY3Qtc3Bpbm5lcnMnO1xuaW1wb3J0IHsgQnV0dG9uLCBGb3JtLCBJbnB1dCB9IGZyb20gJ3NlbWFudGljLXVpLXJlYWN0JztcbmltcG9ydCB7IGNvbm5lY3QgfSBmcm9tICdyZWFjdC1yZWR1eCc7XG5pbXBvcnQgUHJvcFR5cGVzIGZyb20gJ3Byb3AtdHlwZXMnO1xuaW1wb3J0IHsgd2l0aFJvdXRlciB9IGZyb20gJ3JlYWN0LXJvdXRlci1kb20nO1xuaW1wb3J0IHsgcmVnaXN0ZXJVc2VyIH0gZnJvbSAnLi4vLi4vLi4vcmVkdXgvYWN0aW9ucy9hdXRoL3JlZ2lzdGVyJztcblxuY29uc3Qgb3ZlcnJpZGUgPSBjc3NgXG4gIGRpc3BsYXk6IGJsb2NrO1xuICBtYXJnaW46IDAgYXV0bztcbiAgYm9yZGVyLWNvbG9yOiByZWQ7XG5gO1xuZXhwb3J0IGNsYXNzIFJlZ2lzdGVyRm9ybSBleHRlbmRzIENvbXBvbmVudCB7XG4gIHN0YXRlID0ge1xuICAgIGVtYWlsOiAnJyxcbiAgICBwYXNzd29yZDogJycsXG4gICAgZmlyc3RuYW1lOiAnJyxcbiAgICB1c2VybmFtZTogJycsXG4gIH07XG5cbiAgY29tcG9uZW50RGlkVXBkYXRlKCkge1xuICAgIGNvbnN0IHsgaXNBdXRoZW50aWNhdGVkLCBoaXN0b3J5IH0gPSB0aGlzLnByb3BzO1xuICAgIGlmIChpc0F1dGhlbnRpY2F0ZWQpIHtcbiAgICAgIGhpc3RvcnkucHVzaCgnL3JlZC1mbGFncycpO1xuICAgIH1cbiAgfVxuXG4gIG9uQ2hhbmdlID0gZSA9PiB7XG4gICAgdGhpcy5zZXRTdGF0ZSh7IFtlLnRhcmdldC5uYW1lXTogZS50YXJnZXQudmFsdWUgfSk7XG4gIH07XG5cbiAgaGFuZGxlU3VibWl0ID0gKCkgPT4ge1xuICAgIGNvbnN0IHsgZW1haWwsIHBhc3N3b3JkLCBmaXJzdG5hbWUsIHVzZXJuYW1lIH0gPSB0aGlzLnN0YXRlO1xuICAgIGNvbnN0IHsgcmVnaXN0ZXJVc2VyLCBpc0xvYWRpbmcgfSA9IHRoaXMucHJvcHM7XG4gICAgY29uc3QgdXNlckRhdGEgPSB7XG4gICAgICBlbWFpbCxcbiAgICAgIHBhc3N3b3JkLFxuICAgICAgZmlyc3RuYW1lLFxuICAgICAgdXNlcm5hbWUsXG4gICAgfTtcblxuICAgIHJlZ2lzdGVyVXNlcih1c2VyRGF0YSk7XG4gIH07XG5cbiAgcmVuZGVyKCkge1xuICAgIGNvbnN0IHsgbmFtZSwgZW1haWwsIHBhc3N3b3JkIH0gPSB0aGlzLnN0YXRlO1xuICAgIHJldHVybiAoXG4gICAgICA8Rm9ybSBvblN1Ym1pdD17dGhpcy5oYW5kbGVTdWJtaXR9PlxuICAgICAgICA8Q2xpcExvYWRlciBjc3M9e292ZXJyaWRlfSBzaXplVW5pdD1cInB4XCIgc2l6ZT17MTUwfSBjb2xvcj1cIiMxMjNhYmNcIiAvPlxuICAgICAgICA8Rm9ybS5GaWVsZFxuICAgICAgICAgIGxhYmVsPVwiRnVsbCBOYW1lXCJcbiAgICAgICAgICBjb250cm9sPXtJbnB1dH1cbiAgICAgICAgICByZXF1aXJlZFxuICAgICAgICAgIHBsYWNlaG9sZGVyPVwiZnVsbCBuYW1lXCJcbiAgICAgICAgICBvbkNoYW5nZT17dGhpcy5vbkNoYW5nZX1cbiAgICAgICAgICBuYW1lPVwiZmlyc3RuYW1lXCJcbiAgICAgICAgICB2YWx1ZT17bmFtZX1cbiAgICAgICAgLz5cbiAgICAgICAgPEZvcm0uRmllbGRcbiAgICAgICAgICBsYWJlbD1cIlVzZXJhbWVcIlxuICAgICAgICAgIGNvbnRyb2w9e0lucHV0fVxuICAgICAgICAgIHBsYWNlaG9sZGVyPVwidXNlcm5hbWVcIlxuICAgICAgICAgIG9uQ2hhbmdlPXt0aGlzLm9uQ2hhbmdlfVxuICAgICAgICAgIG5hbWU9XCJ1c2VybmFtZVwiXG4gICAgICAgICAgcmVxdWlyZWRcbiAgICAgICAgICB2YWx1ZT17bmFtZX1cbiAgICAgICAgLz5cbiAgICAgICAgPEZvcm0uRmllbGRcbiAgICAgICAgICBsYWJlbD1cIkVtYWlsIEFkZHJlc3NcIlxuICAgICAgICAgIGNvbnRyb2w9e0lucHV0fVxuICAgICAgICAgIHBsYWNlaG9sZGVyPVwibmFtZUBlbWFpbC5jb21cIlxuICAgICAgICAgIG9uQ2hhbmdlPXt0aGlzLm9uQ2hhbmdlfVxuICAgICAgICAgIG5hbWU9XCJlbWFpbFwiXG4gICAgICAgICAgcmVxdWlyZWRcbiAgICAgICAgICB0eXBlPVwiZW1haWxcIlxuICAgICAgICAgIHZhbHVlPXtlbWFpbH1cbiAgICAgICAgLz5cbiAgICAgICAgPEZvcm0uRmllbGRcbiAgICAgICAgICBsYWJlbD1cIlBhc3N3b3JkXCJcbiAgICAgICAgICBpbnB1dD1cIlBhc3N3b3JkXCJcbiAgICAgICAgICBjb250cm9sPXtJbnB1dH1cbiAgICAgICAgICBwbGFjZWhvbGRlcj1cInNlY3JldFwiXG4gICAgICAgICAgb25DaGFuZ2U9e3RoaXMub25DaGFuZ2V9XG4gICAgICAgICAgbmFtZT1cInBhc3N3b3JkXCJcbiAgICAgICAgICBtaW5MZW5ndGg9XCI2XCJcbiAgICAgICAgICByZXF1aXJlZFxuICAgICAgICAgIHZhbHVlPXtwYXNzd29yZH1cbiAgICAgICAgLz5cbiAgICAgICAgPEZvcm0uRmllbGRcbiAgICAgICAgICBjb250cm9sPXtCdXR0b259XG4gICAgICAgICAgdHlwZT1cInN1Ym1pdFwiXG4gICAgICAgICAgc3R5bGU9e3sgYmFja2dyb3VuZDogJ2dyZWVuJywgY29sb3I6ICd3aGl0ZScgfX1cbiAgICAgICAgPlxuICAgICAgICAgIFJlZ2lzdGVyXG4gICAgICAgIDwvRm9ybS5GaWVsZD5cbiAgICAgIDwvRm9ybT5cbiAgICApO1xuICB9XG59XG5cblJlZ2lzdGVyRm9ybS5wcm9wVHlwZXMgPSB7XG4gIGlzQXV0aGVudGljYXRlZDogUHJvcFR5cGVzLmJvb2wsXG4gIGlzTG9hZGluZzogUHJvcFR5cGVzLmJvb2wsXG4gIGhpc3Rvcnk6IFByb3BUeXBlcy5zaGFwZSh7fSksXG4gIHJlZ2lzdGVyVXNlcjogUHJvcFR5cGVzLmZ1bmMsXG59O1xuXG5jb25zdCBtYXBTdGF0ZVRvUHJvcHMgPSBzdGF0ZSA9PiAoe1xuICBpc0F1dGhlbnRpY2F0ZWQ6IHN0YXRlLmF1dGguaXNBdXRoZW50aWNhdGVkLFxuICByZWdpc3Rlcjogc3RhdGUucmVnaXN0ZXIsXG59KTtcblxuZXhwb3J0IGRlZmF1bHQgY29ubmVjdChcbiAgbWFwU3RhdGVUb1Byb3BzLFxuICB7IHJlZ2lzdGVyVXNlciB9XG4pKHdpdGhSb3V0ZXIoUmVnaXN0ZXJGb3JtKSk7XG4iXX0= */label:style;/*# sourceMappingURL=data:application/json;charset=utf-8;base64,eyJ2ZXJzaW9uIjozLCJzb3VyY2VzIjpbInNyYy9DbGlwTG9hZGVyLmpzeCJdLCJuYW1lcyI6W10sIm1hcHBpbmdzIjoiQUFpQ2lDIiwiZmlsZSI6InNyYy9DbGlwTG9hZGVyLmpzeCIsInNvdXJjZXNDb250ZW50IjpbIi8qKiBAanN4IGpzeCAqL1xuaW1wb3J0IFJlYWN0IGZyb20gJ3JlYWN0JztcbmltcG9ydCBQcm9wVHlwZXMgZnJvbSAncHJvcC10eXBlcyc7XG5pbXBvcnQgeyBrZXlmcmFtZXMsIGNzcywganN4IH0gZnJvbSAnQGVtb3Rpb24vY29yZSc7XG5pbXBvcnQgb25seVVwZGF0ZUZvcktleXMgZnJvbSAncmVjb21wb3NlL29ubHlVcGRhdGVGb3JLZXlzJztcbmltcG9ydCB7IHNpemVQcm9wcywgc2l6ZURlZmF1bHRzLCBzaXplS2V5cyB9IGZyb20gJy4vaGVscGVycy9wcm9wdHlwZXMnO1xuXG4vLyBUaGlzIHJldHVybnMgYW4gYW5pbWF0aW9uXG5jb25zdCBjbGlwID0ga2V5ZnJhbWVzYFxuICAwJSB7dHJhbnNmb3JtOiByb3RhdGUoMGRlZykgc2NhbGUoMSl9IFxuICA1MCUge3RyYW5zZm9ybTogcm90YXRlKDE4MGRlZykgc2NhbGUoMC44KX1cbiAgMTAwJSB7dHJhbnNmb3JtOiByb3RhdGUoMzYwZGVnKSBzY2FsZSgxKX1cbmA7XG5cbmNsYXNzIExvYWRlciBleHRlbmRzIFJlYWN0LkNvbXBvbmVudCB7XG4gICAgc3R5bGUgPSAoKSA9PiB7XG4gICAgICBjb25zdCB7XG4gICAgICAgIHNpemUsIHNpemVVbml0LCBjb2xvclxuICAgICAgfSA9IHRoaXMucHJvcHM7XG5cbiAgICAgIGNvbnN0IHN0eWxlID0gY3NzYHtcbiAgICAgICAgICAgIGJhY2tncm91bmQ6IHRyYW5zcGFyZW50ICFpbXBvcnRhbnQ7XG4gICAgICAgICAgICB3aWR0aDogJHtgJHtzaXplfSR7c2l6ZVVuaXR9YH07XG4gICAgICAgICAgICBoZWlnaHQ6ICR7YCR7c2l6ZX0ke3NpemVVbml0fWB9O1xuICAgICAgICAgICAgYm9yZGVyLXJhZGl1czogMTAwJTtcbiAgICAgICAgICAgIGJvcmRlcjogMnB4IHNvbGlkO1xuICAgICAgICAgICAgYm9yZGVyLWNvbG9yOiAke2NvbG9yfTtcbiAgICAgICAgICAgIGJvcmRlci1ib3R0b20tY29sb3I6IHRyYW5zcGFyZW50O1xuICAgICAgICAgICAgZGlzcGxheTogaW5saW5lLWJsb2NrO1xuICAgICAgICAgICAgYW5pbWF0aW9uOiAke2NsaXB9IDAuNzVzIDBzIGluZmluaXRlIGxpbmVhcjtcbiAgICAgICAgICAgIGFuaW1hdGlvbi1maWxsLW1vZGU6IGJvdGg7XG4gICAgICAgIH1gO1xuXG4gICAgICByZXR1cm4gdGhpcy5wcm9wcy5jc3MgPyBjc3NgJHtzdHlsZX07JHt0aGlzLnByb3BzLmNzc31gIDogc3R5bGU7XG4gICAgfTtcblxuICAgIHJlbmRlcigpIHtcbiAgICAgIGNvbnN0IHsgbG9hZGluZyB9ID0gdGhpcy5wcm9wcztcbiAgICAgIHJldHVybiBsb2FkaW5nID8gPGRpdiBjc3M9e3RoaXMuc3R5bGUoKX0gLz4gOiBudWxsO1xuICAgIH1cbn1cblxuTG9hZGVyLnByb3BUeXBlcyA9IHNpemVQcm9wcztcblxuTG9hZGVyLmRlZmF1bHRQcm9wcyA9IHNpemVEZWZhdWx0cygzNSk7XG5cbmNvbnN0IENvbXBvbmVudCA9IG9ubHlVcGRhdGVGb3JLZXlzKHNpemVLZXlzKShMb2FkZXIpO1xuQ29tcG9uZW50LmRlZmF1bHRQcm9wcyA9IExvYWRlci5kZWZhdWx0UHJvcHM7XG5leHBvcnQgZGVmYXVsdCBDb21wb25lbnQ7XG4iXX0= */",
                          }
                        }
                      >
                        <div
                          className="css-e1er9s-style-override-style"
                        />
                      </EmotionCssPropInternal>
                    </Loader>
                  </onlyUpdateForKeys(Loader)>
                  <FormField
                    control={[Function]}
                    label="Full Name"
                    name="firstname"
                    onChange={[Function]}
                    placeholder="full name"
                    required={true}
                  >
                    <div
                      className="required field"
                    >
                      <label>
                        Full Name
                      </label>
                      <Input
                        name="firstname"
                        onChange={[Function]}
                        placeholder="full name"
                        required={true}
                        type="text"
                      >
                        <div
                          className="ui input"
                        >
                          <input
                            name="firstname"
                            onChange={[Function]}
                            placeholder="full name"
                            required={true}
                            type="text"
                          />
                        </div>
                      </Input>
                    </div>
                  </FormField>
                  <FormField
                    control={[Function]}
                    label="Userame"
                    name="username"
                    onChange={[Function]}
                    placeholder="username"
                    required={true}
                  >
                    <div
                      className="required field"
                    >
                      <label>
                        Userame
                      </label>
                      <Input
                        name="username"
                        onChange={[Function]}
                        placeholder="username"
                        required={true}
                        type="text"
                      >
                        <div
                          className="ui input"
                        >
                          <input
                            name="username"
                            onChange={[Function]}
                            placeholder="username"
                            required={true}
                            type="text"
                          />
                        </div>
                      </Input>
                    </div>
                  </FormField>
                  <FormField
                    control={[Function]}
                    label="Email Address"
                    name="email"
                    onChange={[Function]}
                    placeholder="name@email.com"
                    required={true}
                    type="email"
                    value=""
                  >
                    <div
                      className="required field"
                    >
                      <label>
                        Email Address
                      </label>
                      <Input
                        name="email"
                        onChange={[Function]}
                        placeholder="name@email.com"
                        required={true}
                        type="email"
                        value=""
                      >
                        <div
                          className="ui input"
                        >
                          <input
                            name="email"
                            onChange={[Function]}
                            placeholder="name@email.com"
                            required={true}
                            type="email"
                            value=""
                          />
                        </div>
                      </Input>
                    </div>
                  </FormField>
                  <FormField
                    control={[Function]}
                    input="Password"
                    label="Password"
                    minLength="6"
                    name="password"
                    onChange={[Function]}
                    placeholder="secret"
                    required={true}
                    value=""
                  >
                    <div
                      className="required field"
                    >
                      <label>
                        Password
                      </label>
                      <Input
                        input="Password"
                        minLength="6"
                        name="password"
                        onChange={[Function]}
                        placeholder="secret"
                        required={true}
                        type="text"
                        value=""
                      >
                        <div
                          className="ui input"
                        >
                          <input
                            minLength="6"
                            name="password"
                            onChange={[Function]}
                            placeholder="secret"
                            required={true}
                            type="Password"
                            value=""
                          />
                        </div>
                      </Input>
                    </div>
                  </FormField>
                  <FormField
                    control={[Function]}
                    style={
                      Object {
                        "background": "green",
                        "color": "white",
                      }
                    }
                    type="submit"
                  >
                    <div
                      className="field"
                    >
                      <Button
                        as="button"
                        style={
                          Object {
                            "background": "green",
                            "color": "white",
                          }
                        }
                        type="submit"
                      >
                        <Ref
                          innerRef={
                            Object {
                              "current": <button
                                class="ui button"
                                style="background: green; color: white;"
                                type="submit"
                              >
                                Register
                              </button>,
                            }
                          }
                        >
                          <RefFindNode
                            innerRef={
                              Object {
                                "current": <button
                                  class="ui button"
                                  style="background: green; color: white;"
                                  type="submit"
                                >
                                  Register
                                </button>,
                              }
                            }
                          >
                            <button
                              className="ui button"
                              onClick={[Function]}
                              style={
                                Object {
                                  "background": "green",
                                  "color": "white",
                                }
                              }
                              type="submit"
                            >
                              Register
                            </button>
                          </RefFindNode>
                        </Ref>
                      </Button>
                    </div>
                  </FormField>
                </form>
              </Form>
            </RegisterForm>
          </Route>
        </withRouter(RegisterForm)>
      </Connect(withRouter(RegisterForm))>
    </Router>
  </MemoryRouter>
</Provider>
`;
