// Jest Snapshot v1, https://goo.gl/fbAQLP

exports[`<NewRedflagPage /> should render without crashing 1`] = `ShallowWrapper {}`;
